Cześć, Adam!
